
# ==== Register aliases ====
R	R10	_core_reg_h
R	R9	_core_reg_l
R	R19	accum_eh
R	R18	accum_el
R	R17	accum_h
R	R16	accum_l
R	R11	c0x00
R	R12	c0x01
R	R13	c0xff
R	R20	flags
R	R15	id_h
R	R14	id_l
R	R21	loop_cntr
R	R25	temp_eh
R	R24	temp_el
R	R23	temp_h
R	R22	temp_l
R	R27	xh
R	R26	xl
R	R29	yh
R	R28	yl
R	R31	zh
R	R30	zl

# ==== Constants ====
C	_os_ir_vectors_table = 264
C	_os_timer1_cntr = 261
C	_os_timer_freq = 50
C	_os_timer_tick_period = 20
C	_os_timer_tick_threshold = 263
C	_os_uptime = 256
C	acme = 6
C	adate = 5
C	adc0 = 0
C	adc1 = 1
C	adc2 = 2
C	adc3 = 3
C	adc4 = 4
C	adc5 = 5
C	adc6 = 6
C	adc7 = 7
C	adc_presc_x1 = 0
C	adc_presc_x128 = 7
C	adc_presc_x16 = 4
C	adc_presc_x2 = 1
C	adc_presc_x32 = 5
C	adc_presc_x4 = 2
C	adc_presc_x64 = 6
C	adc_presc_x8 = 3
C	adc_vref_1_1_cap = 192
C	adc_vref_aref = 0
C	adc_vref_avcc = 64
C	adch = 121
C	adcl = 120
C	adcsra = 122
C	adcsrb = 123
C	adct = 8
C	aden = 7
C	adie = 3
C	adif = 4
C	adlar = 5
C	admux = 124
C	adps0 = 0
C	adps1 = 1
C	adps2 = 2
C	adsc = 6
C	adts0 = 0
C	adts1 = 1
C	adts2 = 2
C	blbset = 3
C	borf = 2
C	c5_ir_adc = 21
C	c5_ir_analog_comp = 23
C	c5_ir_ee_ready = 22
C	c5_ir_int0 = 1
C	c5_ir_int1 = 2
C	c5_ir_pcint0 = 3
C	c5_ir_pcint1 = 4
C	c5_ir_pcint2 = 5
C	c5_ir_reserved_core_timer1 = 14
C	c5_ir_reserved_core_timer2 = 15
C	c5_ir_spi = 17
C	c5_ir_spm_ready = 25
C	c5_ir_timer0_ovf = 16
C	c5_ir_timer1_capt = 10
C	c5_ir_timer1_compa = 11
C	c5_ir_timer1_compb = 12
C	c5_ir_timer1_ovf = 13
C	c5_ir_timer2_compa = 7
C	c5_ir_timer2_compb = 8
C	c5_ir_timer2_ovf = 9
C	c5_ir_twi = 24
C	c5_ir_uart_rx = 18
C	c5_ir_uart_tx = 20
C	c5_ir_uart_udre = 19
C	c5_ir_wdt = 6
C	com0a0 = 6
C	com0a1 = 7
C	com0b0 = 4
C	com0b1 = 5
C	com1a0 = 6
C	com1a1 = 7
C	com1b0 = 4
C	com1b1 = 5
C	com2a0 = 6
C	com2a1 = 7
C	com2b0 = 4
C	com2b1 = 5
C	core_freq = 8
C	cpha = 2
C	cpol = 3
C	cs00 = 0
C	cs01 = 1
C	cs02 = 2
C	cs10 = 0
C	cs11 = 1
C	cs12 = 2
C	cs20 = 0
C	cs21 = 1
C	cs22 = 2
C	ddra = 255
C	ddrb = 4
C	ddrc = 7
C	ddrd = 10
C	ddre = 255
C	ddrf = 255
C	ddrg = 255
C	ddrx = 1
C	dor0 = 3
C	dord = 5
C	eearh = 66
C	eearl = 65
C	eecr = 63
C	eedr = 64
C	eempe = 2
C	eemwe = 2
C	eepe = 1
C	eepm0 = 4
C	eepm1 = 5
C	eeprom_pagesize = 4
C	eeprom_size = 1024
C	eere = 0
C	eerie = 3
C	eewe = 1
C	eicra = 105
C	eifr = 60
C	eimsk = 61
C	extrf = 1
C	fe0 = 4
C	flash_pagesize = 128
C	flash_size = 32768
C	foc0a = 7
C	foc0b = 6
C	foc1a = 7
C	foc1b = 6
C	foc2a = 7
C	foc2b = 6
C	ices1 = 6
C	icf1 = 5
C	icie1 = 5
C	icnc1 = 7
C	int0 = 0
C	int1 = 1
C	intf0 = 0
C	intf1 = 1
C	isc00 = 0
C	isc01 = 1
C	isc10 = 2
C	isc11 = 3
C	isc_any_change = 1
C	isc_falling_edge = 2
C	isc_low_level = 0
C	isc_rising_edge = 3
C	led_port = 16
C	logging_port = 21
C	mcucsr = 84
C	mcusr = 84
C	miso = 20
C	mosi = 19
C	mpcm0 = 0
C	mstr = 4
C	mux0 = 0
C	mux1 = 1
C	mux2 = 2
C	mux3 = 3
C	oc2a = 19
C	ocf0a = 1
C	ocf0b = 2
C	ocf1a = 1
C	ocf1b = 2
C	ocf2a = 1
C	ocf2b = 2
C	ocie0a = 1
C	ocie0b = 2
C	ocie1a = 1
C	ocie1b = 2
C	ocie2a = 1
C	ocie2b = 2
C	ocr0a = 71
C	ocr0b = 72
C	ocr1ah = 137
C	ocr1al = 136
C	ocr1bh = 139
C	ocr1bl = 138
C	ocr2a = 179
C	ocr2b = 180
C	os_feature_init_diagnostic = 1
C	os_feature_ir_table = 1
C	os_feature_logging = 1
C	os_feature_timer1 = 1
C	os_feature_timer2 = 1
C	os_feature_welcome = 1
C	os_ir_qnt = 26
C	os_pcint_ports_qnt = 3
C	os_ram_border_size = 32
C	pa0 = 0
C	pa1 = 1
C	pa2 = 2
C	pa3 = 3
C	pa4 = 4
C	pa5 = 5
C	pa6 = 6
C	pa7 = 7
C	pb0 = 16
C	pb1 = 17
C	pb2 = 18
C	pb3 = 19
C	pb4 = 20
C	pb5 = 21
C	pb6 = 22
C	pb7 = 23
C	pc0 = 32
C	pc1 = 33
C	pc2 = 34
C	pc3 = 35
C	pc4 = 36
C	pc5 = 37
C	pc6 = 38
C	pc7 = 39
C	pcicr = 104
C	pcie0 = 0
C	pcie1 = 1
C	pcie2 = 2
C	pcif0 = 0
C	pcif1 = 2
C	pcif2 = 2
C	pcifr = 59
C	pcint0 = 0
C	pcint1 = 1
C	pcint10 = 2
C	pcint11 = 3
C	pcint12 = 4
C	pcint13 = 5
C	pcint14 = 6
C	pcint16 = 0
C	pcint17 = 1
C	pcint18 = 2
C	pcint19 = 3
C	pcint2 = 2
C	pcint20 = 4
C	pcint21 = 5
C	pcint22 = 6
C	pcint23 = 7
C	pcint3 = 3
C	pcint4 = 4
C	pcint5 = 5
C	pcint6 = 6
C	pcint7 = 7
C	pcint8 = 0
C	pcint9 = 1
C	pcmsk0 = 107
C	pcmsk1 = 108
C	pcmsk2 = 109
C	pd0 = 48
C	pd1 = 49
C	pd2 = 50
C	pd3 = 51
C	pd4 = 52
C	pd5 = 53
C	pd6 = 54
C	pd7 = 55
C	pe0 = 64
C	pe1 = 65
C	pe2 = 66
C	pe3 = 67
C	pe4 = 68
C	pe5 = 69
C	pe6 = 70
C	pe7 = 71
C	pf0 = 80
C	pf1 = 81
C	pf2 = 82
C	pf3 = 83
C	pf4 = 84
C	pf5 = 85
C	pf6 = 86
C	pf7 = 87
C	pg0 = 96
C	pg1 = 97
C	pg2 = 98
C	pg3 = 99
C	pg4 = 100
C	pg5 = 101
C	pg6 = 102
C	pg7 = 103
C	pgers = 1
C	pgwrt = 2
C	pina = 255
C	pinb = 3
C	pinc = 6
C	pind = 9
C	pine = 255
C	pinf = 255
C	ping = 255
C	pinx = 0
C	porf = 0
C	porta = 255
C	portb = 5
C	portc = 8
C	portd = 11
C	porte = 255
C	portf = 255
C	portg = 255
C	portx = 2
C	pradc = 0
C	prr = 100
C	prspi = 2
C	prtim0 = 5
C	prtim1 = 3
C	prtim2 = 6
C	prtwi = 7
C	prusart0 = 1
C	refs0 = 6
C	refs1 = 7
C	rwwsb = 6
C	rwwsre = 4
C	rxb80 = 1
C	rxc0 = 7
C	rxcie0 = 7
C	rxd = 48
C	rxd0 = 48
C	rxen0 = 4
C	sck = 21
C	scl = 37
C	sda = 36
C	sigrd = 5
C	spcr = 76
C	spdr = 78
C	spe = 6
C	sph = 94
C	spi2x = 0
C	spie = 7
C	spif = 7
C	spl = 93
C	spmcr = 87
C	spmcsr = 87
C	spmen = 0
C	spmie = 7
C	spr0 = 0
C	spr1 = 1
C	spsr = 77
C	sram_size = 2048
C	sram_start = 256
C	sreg = 95
C	ss = 18
C	tccr0a = 68
C	tccr0b = 69
C	tccr1a = 128
C	tccr1b = 129
C	tccr1c = 130
C	tccr2a = 176
C	tccr2b = 177
C	tcnt0 = 70
C	tcnt1h = 133
C	tcnt1l = 132
C	tcnt2 = 178
C	tifr0 = 53
C	tifr1 = 54
C	tifr2 = 55
C	timsk0 = 110
C	timsk1 = 111
C	timsk2 = 112
C	toie0 = 0
C	toie1 = 0
C	toie2 = 0
C	tov0 = 0
C	tov1 = 0
C	tov2 = 0
C	twar = 186
C	twbr = 184
C	twcr = 188
C	twdr = 187
C	twea = 6
C	twen = 2
C	twgce = 0
C	twie = 0
C	twint = 7
C	twps0 = 0
C	twps1 = 1
C	twsr = 185
C	twsta = 5
C	twsto = 4
C	twwc = 3
C	txb80 = 0
C	txc0 = 6
C	txcie0 = 6
C	txd = 49
C	txd0 = 49
C	txen0 = 3
C	u2x0 = 1
C	ubrr0h = 197
C	ubrr0l = 196
C	ucpha0 = 1
C	ucpol0 = 0
C	ucsr0a = 192
C	ucsr0b = 193
C	ucsr0c = 194
C	ucsz00 = 1
C	ucsz01 = 2
C	ucsz02 = 2
C	udcrd0 = 2
C	udr0 = 198
C	udre0 = 5
C	udrie0 = 5
C	umsel00 = 6
C	umsel01 = 7
C	upe0 = 2
C	upm00 = 4
C	upm01 = 5
C	ursel0 = 8
C	usbs0 = 3
C	wcol = 6
C	wdce = 4
C	wde = 3
C	wdie = 6
C	wdif = 7
C	wdp0 = 0
C	wdp1 = 1
C	wdp2 = 2
C	wdp3 = 5
C	wdrf = 3
C	wdtcr = 96
C	wgm00 = 0
C	wgm01 = 1
C	wgm02 = 3
C	wgm10 = 0
C	wgm11 = 1
C	wgm12 = 3
C	wgm13 = 4
C	wgm20 = 0
C	wgm21 = 1
C	wgm22 = 3

# ==== Variables ====
V	_mcall_size = 2
V	_os_roto = 78
V	int0_port = 50
V	int1_port = 51
V	int2_port = 255
V	int3_port = 255
V	int4_port = 255
V	int5_port = 255
V	int6_port = 255
V	int7_port = 255
V	jmp_support = 0
V	os_io_buffer_size = 128
V	os_stack_size = 96

# ==== Labels ====
L	_bit_to_mask_table = 363
L	_os_init = 181
L	_os_ir_handler = 315
L	_os_out_char__loop = 111
L	_os_out_cstr__end = 145
L	_os_out_cstr__loop = 139
L	_os_timer1_handler = 316
L	_os_timer1_handler__end = 355
L	_os_timer2_handler = 362
L	_port_offset = 367
L	_ram_fill_nr__loop = 57
L	_wait_ms__loop = 465
L	cstr_mcusr_bo = 170
L	cstr_mcusr_ex = 172
L	cstr_mcusr_no = 166
L	cstr_mcusr_po = 174
L	cstr_mcusr_reset = 176
L	cstr_mcusr_wd = 168
L	cstr_osmsg1 = 157
L	cstr_osmsg2 = 164
L	cstr_osname = 149
L	int_table = 56
L	loop = 482
L	main = 479
L	os_out_char = 84
L	os_out_cstr = 136
L	os_out_init = 61
L	os_softreset = 272
L	pcint_table = 54
L	port_mode_out = 398
L	port_set_hi = 413
L	port_set_lo = 444
L	ports_table = 52
L	ram_fill_nr = 57
L	reg_bit_hi = 385
L	reg_bit_lo = 428
L	wait_ms = 459
